==== RIPPit startup Fri 10/17/2025 16:15:44.56 ====
Requirement already satisfied: pip in d:\rippit\.venv\lib\site-packages (25.2)
Requirement already satisfied: fastapi<0.112.0,>=0.111.0 in d:\rippit\.venv\lib\site-packages (from -r D:\RIPPit\requirements.txt (line 1)) (0.111.1)
Requirement already satisfied: uvicorn<0.31.0,>=0.30.0 in d:\rippit\.venv\lib\site-packages (from uvicorn[standard]<0.31.0,>=0.30.0->-r D:\RIPPit\requirements.txt (line 2)) (0.30.6)
Requirement already satisfied: yt-dlp<2026.0.0,>=2024.08.06 in d:\rippit\.venv\lib\site-packages (from -r D:\RIPPit\requirements.txt (line 3)) (2025.10.14)
Requirement already satisfied: aiofiles<25.0.0,>=23.2.1 in d:\rippit\.venv\lib\site-packages (from -r D:\RIPPit\requirements.txt (line 4)) (24.1.0)
Requirement already satisfied: pydantic<3.0.0,>=2.8.2 in d:\rippit\.venv\lib\site-packages (from -r D:\RIPPit\requirements.txt (line 5)) (2.12.2)
Requirement already satisfied: starlette<0.38.0,>=0.37.2 in d:\rippit\.venv\lib\site-packages (from fastapi<0.112.0,>=0.111.0->-r D:\RIPPit\requirements.txt (line 1)) (0.37.2)
Requirement already satisfied: typing-extensions>=4.8.0 in d:\rippit\.venv\lib\site-packages (from fastapi<0.112.0,>=0.111.0->-r D:\RIPPit\requirements.txt (line 1)) (4.15.0)
Requirement already satisfied: fastapi-cli>=0.0.2 in d:\rippit\.venv\lib\site-packages (from fastapi<0.112.0,>=0.111.0->-r D:\RIPPit\requirements.txt (line 1)) (0.0.13)
Requirement already satisfied: httpx>=0.23.0 in d:\rippit\.venv\lib\site-packages (from fastapi<0.112.0,>=0.111.0->-r D:\RIPPit\requirements.txt (line 1)) (0.28.1)
Requirement already satisfied: jinja2>=2.11.2 in d:\rippit\.venv\lib\site-packages (from fastapi<0.112.0,>=0.111.0->-r D:\RIPPit\requirements.txt (line 1)) (3.1.6)
Requirement already satisfied: python-multipart>=0.0.7 in d:\rippit\.venv\lib\site-packages (from fastapi<0.112.0,>=0.111.0->-r D:\RIPPit\requirements.txt (line 1)) (0.0.20)
Requirement already satisfied: email_validator>=2.0.0 in d:\rippit\.venv\lib\site-packages (from fastapi<0.112.0,>=0.111.0->-r D:\RIPPit\requirements.txt (line 1)) (2.3.0)
Requirement already satisfied: click>=7.0 in d:\rippit\.venv\lib\site-packages (from uvicorn<0.31.0,>=0.30.0->uvicorn[standard]<0.31.0,>=0.30.0->-r D:\RIPPit\requirements.txt (line 2)) (8.3.0)
Requirement already satisfied: h11>=0.8 in d:\rippit\.venv\lib\site-packages (from uvicorn<0.31.0,>=0.30.0->uvicorn[standard]<0.31.0,>=0.30.0->-r D:\RIPPit\requirements.txt (line 2)) (0.16.0)
Requirement already satisfied: annotated-types>=0.6.0 in d:\rippit\.venv\lib\site-packages (from pydantic<3.0.0,>=2.8.2->-r D:\RIPPit\requirements.txt (line 5)) (0.7.0)
Requirement already satisfied: pydantic-core==2.41.4 in d:\rippit\.venv\lib\site-packages (from pydantic<3.0.0,>=2.8.2->-r D:\RIPPit\requirements.txt (line 5)) (2.41.4)
Requirement already satisfied: typing-inspection>=0.4.2 in d:\rippit\.venv\lib\site-packages (from pydantic<3.0.0,>=2.8.2->-r D:\RIPPit\requirements.txt (line 5)) (0.4.2)
Requirement already satisfied: anyio<5,>=3.4.0 in d:\rippit\.venv\lib\site-packages (from starlette<0.38.0,>=0.37.2->fastapi<0.112.0,>=0.111.0->-r D:\RIPPit\requirements.txt (line 1)) (4.11.0)
Requirement already satisfied: idna>=2.8 in d:\rippit\.venv\lib\site-packages (from anyio<5,>=3.4.0->starlette<0.38.0,>=0.37.2->fastapi<0.112.0,>=0.111.0->-r D:\RIPPit\requirements.txt (line 1)) (3.11)
Requirement already satisfied: sniffio>=1.1 in d:\rippit\.venv\lib\site-packages (from anyio<5,>=3.4.0->starlette<0.38.0,>=0.37.2->fastapi<0.112.0,>=0.111.0->-r D:\RIPPit\requirements.txt (line 1)) (1.3.1)
Requirement already satisfied: colorama>=0.4 in d:\rippit\.venv\lib\site-packages (from uvicorn[standard]<0.31.0,>=0.30.0->-r D:\RIPPit\requirements.txt (line 2)) (0.4.6)
Requirement already satisfied: httptools>=0.5.0 in d:\rippit\.venv\lib\site-packages (from uvicorn[standard]<0.31.0,>=0.30.0->-r D:\RIPPit\requirements.txt (line 2)) (0.7.1)
Requirement already satisfied: python-dotenv>=0.13 in d:\rippit\.venv\lib\site-packages (from uvicorn[standard]<0.31.0,>=0.30.0->-r D:\RIPPit\requirements.txt (line 2)) (1.1.1)
Requirement already satisfied: pyyaml>=5.1 in d:\rippit\.venv\lib\site-packages (from uvicorn[standard]<0.31.0,>=0.30.0->-r D:\RIPPit\requirements.txt (line 2)) (6.0.3)
Requirement already satisfied: watchfiles>=0.13 in d:\rippit\.venv\lib\site-packages (from uvicorn[standard]<0.31.0,>=0.30.0->-r D:\RIPPit\requirements.txt (line 2)) (1.1.1)
Requirement already satisfied: websockets>=10.4 in d:\rippit\.venv\lib\site-packages (from uvicorn[standard]<0.31.0,>=0.30.0->-r D:\RIPPit\requirements.txt (line 2)) (15.0.1)
Requirement already satisfied: dnspython>=2.0.0 in d:\rippit\.venv\lib\site-packages (from email_validator>=2.0.0->fastapi<0.112.0,>=0.111.0->-r D:\RIPPit\requirements.txt (line 1)) (2.8.0)
Requirement already satisfied: typer>=0.15.1 in d:\rippit\.venv\lib\site-packages (from fastapi-cli>=0.0.2->fastapi<0.112.0,>=0.111.0->-r D:\RIPPit\requirements.txt (line 1)) (0.19.2)
Requirement already satisfied: rich-toolkit>=0.14.8 in d:\rippit\.venv\lib\site-packages (from fastapi-cli>=0.0.2->fastapi<0.112.0,>=0.111.0->-r D:\RIPPit\requirements.txt (line 1)) (0.15.1)
Requirement already satisfied: certifi in d:\rippit\.venv\lib\site-packages (from httpx>=0.23.0->fastapi<0.112.0,>=0.111.0->-r D:\RIPPit\requirements.txt (line 1)) (2025.10.5)
Requirement already satisfied: httpcore==1.* in d:\rippit\.venv\lib\site-packages (from httpx>=0.23.0->fastapi<0.112.0,>=0.111.0->-r D:\RIPPit\requirements.txt (line 1)) (1.0.9)
Requirement already satisfied: MarkupSafe>=2.0 in d:\rippit\.venv\lib\site-packages (from jinja2>=2.11.2->fastapi<0.112.0,>=0.111.0->-r D:\RIPPit\requirements.txt (line 1)) (3.0.3)
Requirement already satisfied: rich>=13.7.1 in d:\rippit\.venv\lib\site-packages (from rich-toolkit>=0.14.8->fastapi-cli>=0.0.2->fastapi<0.112.0,>=0.111.0->-r D:\RIPPit\requirements.txt (line 1)) (14.2.0)
Requirement already satisfied: markdown-it-py>=2.2.0 in d:\rippit\.venv\lib\site-packages (from rich>=13.7.1->rich-toolkit>=0.14.8->fastapi-cli>=0.0.2->fastapi<0.112.0,>=0.111.0->-r D:\RIPPit\requirements.txt (line 1)) (4.0.0)
Requirement already satisfied: pygments<3.0.0,>=2.13.0 in d:\rippit\.venv\lib\site-packages (from rich>=13.7.1->rich-toolkit>=0.14.8->fastapi-cli>=0.0.2->fastapi<0.112.0,>=0.111.0->-r D:\RIPPit\requirements.txt (line 1)) (2.19.2)
Requirement already satisfied: mdurl~=0.1 in d:\rippit\.venv\lib\site-packages (from markdown-it-py>=2.2.0->rich>=13.7.1->rich-toolkit>=0.14.8->fastapi-cli>=0.0.2->fastapi<0.112.0,>=0.111.0->-r D:\RIPPit\requirements.txt (line 1)) (0.1.2)
Requirement already satisfied: shellingham>=1.3.0 in d:\rippit\.venv\lib\site-packages (from typer>=0.15.1->fastapi-cli>=0.0.2->fastapi<0.112.0,>=0.111.0->-r D:\RIPPit\requirements.txt (line 1)) (1.5.4)
